// Jest Snapshot v1, https://goo.gl/fbAQLP

exports[`Button Default smoke-test 1`] = `
<button class="sc-beySPh fvFDzo">
  default button
</button>
`;
